<!doctype html>
<html lang="en">
<head>
	<meta charset="UTF-8">
	<title>Document</title>
</head>
<body>

	<!--SCRIPTS-->
	<script src="fixtures/regularInject/foo.js" type="text/javascript"></script>
	<script src="fixtures/regularInject/foo.js" foo="bar"></script>
	<script src="fixtures/typeInject/bar.js" type="script/babel"></script>
	<script src="fixtures/typeInject/bar.js" type="script/babel"></script>
	<!--SCRIPTS END-->

</body>
</html>